Archive member included to satisfy reference by file (symbol)

g:/programy/stm32cubeide_1.5.0/stm32cubeide/plugins/com.st.stm32cube.ide.mcu.externaltools.gnu-tools-for-stm32.7-2018-q2-update.win32_1.5.0.202011040924/tools/bin/../lib/gcc/arm-none-eabi/7.3.1/../../../../arm-none-eabi/lib/thumb/v7e-m/fpv4-sp/hard\libc_nano.a(lib_a-errno.o)
                              Core/Src/syscalls.o (__errno)
g:/programy/stm32cubeide_1.5.0/stm32cubeide/plugins/com.st.stm32cube.ide.mcu.externaltools.gnu-tools-for-stm32.7-2018-q2-update.win32_1.5.0.202011040924/tools/bin/../lib/gcc/arm-none-eabi/7.3.1/../../../../arm-none-eabi/lib/thumb/v7e-m/fpv4-sp/hard\libc_nano.a(lib_a-exit.o)
                              g:/programy/stm32cubeide_1.5.0/stm32cubeide/plugins/com.st.stm32cube.ide.mcu.externaltools.gnu-tools-for-stm32.7-2018-q2-update.win32_1.5.0.202011040924/tools/bin/../lib/gcc/arm-none-eabi/7.3.1/../../../../arm-none-eabi/lib/thumb/v7e-m/fpv4-sp/hard/crt0.o (exit)
g:/programy/stm32cubeide_1.5.0/stm32cubeide/plugins/com.st.stm32cube.ide.mcu.externaltools.gnu-tools-for-stm32.7-2018-q2-update.win32_1.5.0.202011040924/tools/bin/../lib/gcc/arm-none-eabi/7.3.1/../../../../arm-none-eabi/lib/thumb/v7e-m/fpv4-sp/hard\libc_nano.a(lib_a-impure.o)
                              g:/programy/stm32cubeide_1.5.0/stm32cubeide/plugins/com.st.stm32cube.ide.mcu.externaltools.gnu-tools-for-stm32.7-2018-q2-update.win32_1.5.0.202011040924/tools/bin/../lib/gcc/arm-none-eabi/7.3.1/../../../../arm-none-eabi/lib/thumb/v7e-m/fpv4-sp/hard\libc_nano.a(lib_a-exit.o) (_global_impure_ptr)
g:/programy/stm32cubeide_1.5.0/stm32cubeide/plugins/com.st.stm32cube.ide.mcu.externaltools.gnu-tools-for-stm32.7-2018-q2-update.win32_1.5.0.202011040924/tools/bin/../lib/gcc/arm-none-eabi/7.3.1/../../../../arm-none-eabi/lib/thumb/v7e-m/fpv4-sp/hard\libc_nano.a(lib_a-init.o)
                              g:/programy/stm32cubeide_1.5.0/stm32cubeide/plugins/com.st.stm32cube.ide.mcu.externaltools.gnu-tools-for-stm32.7-2018-q2-update.win32_1.5.0.202011040924/tools/bin/../lib/gcc/arm-none-eabi/7.3.1/../../../../arm-none-eabi/lib/thumb/v7e-m/fpv4-sp/hard/crt0.o (__libc_init_array)
g:/programy/stm32cubeide_1.5.0/stm32cubeide/plugins/com.st.stm32cube.ide.mcu.externaltools.gnu-tools-for-stm32.7-2018-q2-update.win32_1.5.0.202011040924/tools/bin/../lib/gcc/arm-none-eabi/7.3.1/../../../../arm-none-eabi/lib/thumb/v7e-m/fpv4-sp/hard\libc_nano.a(lib_a-memset.o)
                              g:/programy/stm32cubeide_1.5.0/stm32cubeide/plugins/com.st.stm32cube.ide.mcu.externaltools.gnu-tools-for-stm32.7-2018-q2-update.win32_1.5.0.202011040924/tools/bin/../lib/gcc/arm-none-eabi/7.3.1/../../../../arm-none-eabi/lib/thumb/v7e-m/fpv4-sp/hard/crt0.o (memset)
g:/programy/stm32cubeide_1.5.0/stm32cubeide/plugins/com.st.stm32cube.ide.mcu.externaltools.gnu-tools-for-stm32.7-2018-q2-update.win32_1.5.0.202011040924/tools/bin/../lib/gcc/arm-none-eabi/7.3.1/../../../../arm-none-eabi/lib/thumb/v7e-m/fpv4-sp/hard\libm.a(lib_a-s_floor.o)
                              Core/Src/SSD1322_OLED_lib/SSD1322_GFX.o (floor)
g:/programy/stm32cubeide_1.5.0/stm32cubeide/plugins/com.st.stm32cube.ide.mcu.externaltools.gnu-tools-for-stm32.7-2018-q2-update.win32_1.5.0.202011040924/tools/bin/../lib/gcc/arm-none-eabi/7.3.1/thumb/v7e-m/fpv4-sp/hard\libgcc.a(_arm_addsubdf3.o)
                              Core/Src/SSD1322_OLED_lib/SSD1322_GFX.o (__aeabi_dsub)
g:/programy/stm32cubeide_1.5.0/stm32cubeide/plugins/com.st.stm32cube.ide.mcu.externaltools.gnu-tools-for-stm32.7-2018-q2-update.win32_1.5.0.202011040924/tools/bin/../lib/gcc/arm-none-eabi/7.3.1/thumb/v7e-m/fpv4-sp/hard\libgcc.a(_arm_muldivdf3.o)
                              Core/Src/SSD1322_OLED_lib/SSD1322_GFX.o (__aeabi_dmul)
g:/programy/stm32cubeide_1.5.0/stm32cubeide/plugins/com.st.stm32cube.ide.mcu.externaltools.gnu-tools-for-stm32.7-2018-q2-update.win32_1.5.0.202011040924/tools/bin/../lib/gcc/arm-none-eabi/7.3.1/thumb/v7e-m/fpv4-sp/hard\libgcc.a(_arm_cmpdf2.o)
                              g:/programy/stm32cubeide_1.5.0/stm32cubeide/plugins/com.st.stm32cube.ide.mcu.externaltools.gnu-tools-for-stm32.7-2018-q2-update.win32_1.5.0.202011040924/tools/bin/../lib/gcc/arm-none-eabi/7.3.1/../../../../arm-none-eabi/lib/thumb/v7e-m/fpv4-sp/hard\libm.a(lib_a-s_floor.o) (__aeabi_dcmpgt)
g:/programy/stm32cubeide_1.5.0/stm32cubeide/plugins/com.st.stm32cube.ide.mcu.externaltools.gnu-tools-for-stm32.7-2018-q2-update.win32_1.5.0.202011040924/tools/bin/../lib/gcc/arm-none-eabi/7.3.1/thumb/v7e-m/fpv4-sp/hard\libgcc.a(_arm_fixunsdfsi.o)
                              Core/Src/SSD1322_OLED_lib/SSD1322_GFX.o (__aeabi_d2uiz)
g:/programy/stm32cubeide_1.5.0/stm32cubeide/plugins/com.st.stm32cube.ide.mcu.externaltools.gnu-tools-for-stm32.7-2018-q2-update.win32_1.5.0.202011040924/tools/bin/../lib/gcc/arm-none-eabi/7.3.1/thumb/v7e-m/fpv4-sp/hard\libgcc.a(_arm_truncdfsf2.o)
                              Core/Src/SSD1322_OLED_lib/SSD1322_GFX.o (__aeabi_d2f)
[...]
Memory Configuration

Name             Origin             Length             Attributes
RAM              0x0000000020000000 0x0000000000020000 xrw
FLASH            0x0000000008000000 0x0000000000080000 xr
*default*        0x0000000000000000 0xffffffffffffffff

Linker script and memory map

LOAD g:/programy/stm32cubeide_1.5.0/stm32cubeide/plugins/com.st.stm32cube.ide.mcu.externaltools.gnu-tools-for-stm32.7-2018-q2-update.win32_1.5.0.202011040924/tools/bin/../lib/gcc/arm-none-eabi/7.3.1/thumb/v7e-m/fpv4-sp/hard/crti.o
LOAD g:/programy/stm32cubeide_1.5.0/stm32cubeide/plugins/com.st.stm32cube.ide.mcu.externaltools.gnu-tools-for-stm32.7-2018-q2-update.win32_1.5.0.202011040924/tools/bin/../lib/gcc/arm-none-eabi/7.3.1/thumb/v7e-m/fpv4-sp/hard/crtbegin.o
LOAD g:/programy/stm32cubeide_1.5.0/stm32cubeide/plugins/com.st.stm32cube.ide.mcu.externaltools.gnu-tools-for-stm32.7-2018-q2-update.win32_1.5.0.202011040924/tools/bin/../lib/gcc/arm-none-eabi/7.3.1/../../../../arm-none-eabi/lib/thumb/v7e-m/fpv4-sp/hard/crt0.o
LOAD Core/Src/SSD1322_OLED_lib/SSD1322_API.o
LOAD Core/Src/SSD1322_OLED_lib/SSD1322_GFX.o
LOAD Core/Src/SSD1322_OLED_lib/SSD1322_HW_Driver.o
LOAD Core/Src/main.o
LOAD Core/Src/stm32f4xx_hal_msp.o
LOAD Core/Src/stm32f4xx_it.o
LOAD Core/Src/syscalls.o
LOAD Core/Src/sysmem.o
LOAD Core/Src/system_stm32f4xx.o
LOAD Core/Startup/startup_stm32f411ceux.o
LOAD Drivers/STM32F4xx_HAL_Driver/Src/stm32f4xx_hal.o
LOAD Drivers/STM32F4xx_HAL_Driver/Src/stm32f4xx_hal_cortex.o
LOAD Drivers/STM32F4xx_HAL_Driver/Src/stm32f4xx_hal_dma.o
LOAD Drivers/STM32F4xx_HAL_Driver/Src/stm32f4xx_hal_dma_ex.o
LOAD Drivers/STM32F4xx_HAL_Driver/Src/stm32f4xx_hal_exti.o
LOAD Drivers/STM32F4xx_HAL_Driver/Src/stm32f4xx_hal_flash.o
LOAD Drivers/STM32F4xx_HAL_Driver/Src/stm32f4xx_hal_flash_ex.o
LOAD Drivers/STM32F4xx_HAL_Driver/Src/stm32f4xx_hal_flash_ramfunc.o
LOAD Drivers/STM32F4xx_HAL_Driver/Src/stm32f4xx_hal_gpio.o
LOAD Drivers/STM32F4xx_HAL_Driver/Src/stm32f4xx_hal_pwr.o
LOAD Drivers/STM32F4xx_HAL_Driver/Src/stm32f4xx_hal_pwr_ex.o
LOAD Drivers/STM32F4xx_HAL_Driver/Src/stm32f4xx_hal_rcc.o
LOAD Drivers/STM32F4xx_HAL_Driver/Src/stm32f4xx_hal_rcc_ex.o
LOAD Drivers/STM32F4xx_HAL_Driver/Src/stm32f4xx_hal_spi.o
LOAD Drivers/STM32F4xx_HAL_Driver/Src/stm32f4xx_hal_tim.o
LOAD Drivers/STM32F4xx_HAL_Driver/Src/stm32f4xx_hal_tim_ex.o
START GROUP
LOAD g:/programy/stm32cubeide_1.5.0/stm32cubeide/plugins/com.st.stm32cube.ide.mcu.externaltools.gnu-tools-for-stm32.7-2018-q2-update.win32_1.5.0.202011040924/tools/bin/../lib/gcc/arm-none-eabi/7.3.1/../../../../arm-none-eabi/lib/thumb/v7e-m/fpv4-sp/hard\libc_nano.a
LOAD g:/programy/stm32cubeide_1.5.0/stm32cubeide/plugins/com.st.stm32cube.ide.mcu.externaltools.gnu-tools-for-stm32.7-2018-q2-update.win32_1.5.0.202011040924/tools/bin/../lib/gcc/arm-none-eabi/7.3.1/../../../../arm-none-eabi/lib/thumb/v7e-m/fpv4-sp/hard\libm.a
END GROUP
START GROUP
LOAD g:/programy/stm32cubeide_1.5.0/stm32cubeide/plugins/com.st.stm32cube.ide.mcu.externaltools.gnu-tools-for-stm32.7-2018-q2-update.win32_1.5.0.202011040924/tools/bin/../lib/gcc/arm-none-eabi/7.3.1/thumb/v7e-m/fpv4-sp/hard\libgcc.a
LOAD g:/programy/stm32cubeide_1.5.0/stm32cubeide/plugins/com.st.stm32cube.ide.mcu.externaltools.gnu-tools-for-stm32.7-2018-q2-update.win32_1.5.0.202011040924/tools/bin/../lib/gcc/arm-none-eabi/7.3.1/../../../../arm-none-eabi/lib/thumb/v7e-m/fpv4-sp/hard\libc_nano.a
END GROUP
START GROUP
LOAD g:/programy/stm32cubeide_1.5.0/stm32cubeide/plugins/com.st.stm32cube.ide.mcu.externaltools.gnu-tools-for-stm32.7-2018-q2-update.win32_1.5.0.202011040924/tools/bin/../lib/gcc/arm-none-eabi/7.3.1/thumb/v7e-m/fpv4-sp/hard\libgcc.a
LOAD g:/programy/stm32cubeide_1.5.0/stm32cubeide/plugins/com.st.stm32cube.ide.mcu.externaltools.gnu-tools-for-stm32.7-2018-q2-update.win32_1.5.0.202011040924/tools/bin/../lib/gcc/arm-none-eabi/7.3.1/../../../../arm-none-eabi/lib/thumb/v7e-m/fpv4-sp/hard\libc_nano.a
LOAD g:/programy/stm32cubeide_1.5.0/stm32cubeide/plugins/com.st.stm32cube.ide.mcu.externaltools.gnu-tools-for-stm32.7-2018-q2-update.win32_1.5.0.202011040924/tools/bin/../lib/gcc/arm-none-eabi/7.3.1/../../../../arm-none-eabi/lib/thumb/v7e-m/fpv4-sp/hard\libnosys.a
END GROUP
START GROUP
LOAD g:/programy/stm32cubeide_1.5.0/stm32cubeide/plugins/com.st.stm32cube.ide.mcu.externaltools.gnu-tools-for-stm32.7-2018-q2-update.win32_1.5.0.202011040924/tools/bin/../lib/gcc/arm-none-eabi/7.3.1/thumb/v7e-m/fpv4-sp/hard\libgcc.a
LOAD g:/programy/stm32cubeide_1.5.0/stm32cubeide/plugins/com.st.stm32cube.ide.mcu.externaltools.gnu-tools-for-stm32.7-2018-q2-update.win32_1.5.0.202011040924/tools/bin/../lib/gcc/arm-none-eabi/7.3.1/../../../../arm-none-eabi/lib/thumb/v7e-m/fpv4-sp/hard\libc_nano.a
LOAD g:/programy/stm32cubeide_1.5.0/stm32cubeide/plugins/com.st.stm32cube.ide.mcu.externaltools.gnu-tools-for-stm32.7-2018-q2-update.win32_1.5.0.202011040924/tools/bin/../lib/gcc/arm-none-eabi/7.3.1/../../../../arm-none-eabi/lib/thumb/v7e-m/fpv4-sp/hard\libnosys.a
END GROUP
LOAD g:/programy/stm32cubeide_1.5.0/stm32cubeide/plugins/com.st.stm32cube.ide.mcu.externaltools.gnu-tools-for-stm32.7-2018-q2-update.win32_1.5.0.202011040924/tools/bin/../lib/gcc/arm-none-eabi/7.3.1/thumb/v7e-m/fpv4-sp/hard/crtend.o
LOAD g:/programy/stm32cubeide_1.5.0/stm32cubeide/plugins/com.st.stm32cube.ide.mcu.externaltools.gnu-tools-for-stm32.7-2018-q2-update.win32_1.5.0.202011040924/tools/bin/../lib/gcc/arm-none-eabi/7.3.1/thumb/v7e-m/fpv4-sp/hard/crtn.o
                0x0000000020020000                _estack = (ORIGIN (RAM) + LENGTH (RAM))
                0x0000000000000200                _Min_Heap_Size = 0x200
                0x0000000000000400                _Min_Stack_Size = 0x400

.isr_vector     0x0000000008000000      0x198
                0x0000000008000000                . = ALIGN (0x4)
 *(.isr_vector)
 .isr_vector    0x0000000008000000      0x198 Core/Startup/startup_stm32f411ceux.o
                0x0000000008000000                g_pfnVectors
                0x0000000008000198                . = ALIGN (0x4)

.text           0x0000000008000198     0x2ae8
                0x0000000008000198                . = ALIGN (0x4)
 *(.text)
 .text          0x0000000008000198       0x40 g:/programy/stm32cubeide_1.5.0/stm32cubeide/plugins/com.st.stm32cube.ide.mcu.externaltools.gnu-tools-for-stm32.7-2018-q2-update.win32_1.5.0.202011040924/tools/bin/../lib/gcc/arm-none-eabi/7.3.1/thumb/v7e-m/fpv4-sp/hard/crtbegin.o
 .text          0x00000000080001d8      0x378 g:/programy/stm32cubeide_1.5.0/stm32cubeide/plugins/com.st.stm32cube.ide.mcu.externaltools.gnu-tools-for-stm32.7-2018-q2-update.win32_1.5.0.202011040924/tools/bin/../lib/gcc/arm-none-eabi/7.3.1/thumb/v7e-m/fpv4-sp/hard\libgcc.a(_arm_addsubdf3.o)
                0x00000000080001d8                __aeabi_drsub
                0x00000000080001e0                __aeabi_dsub
                0x00000000080001e0                __subdf3
                0x00000000080001e4                __aeabi_dadd
                0x00000000080001e4                __adddf3
                0x000000000800045c                __floatunsidf
                0x000000000800045c                __aeabi_ui2d
                0x000000000800047c                __floatsidf
                0x000000000800047c                __aeabi_i2d
                0x00000000080004a0                __aeabi_f2d
                0x00000000080004a0                __extendsfdf2
                0x00000000080004e4                __floatundidf
                0x00000000080004e4                __aeabi_ul2d
                0x00000000080004f4                __floatdidf
                0x00000000080004f4                __aeabi_l2d
 .text          0x0000000008000550      0x424 g:/programy/stm32cubeide_1.5.0/stm32cubeide/plugins/com.st.stm32cube.ide.mcu.externaltools.gnu-tools-for-stm32.7-2018-q2-update.win32_1.5.0.202011040924/tools/bin/../lib/gcc/arm-none-eabi/7.3.1/thumb/v7e-m/fpv4-sp/hard\libgcc.a(_arm_muldivdf3.o)
                0x0000000008000550                __aeabi_dmul
                0x0000000008000550                __muldf3
                0x00000000080007a4                __divdf3
                0x00000000080007a4                __aeabi_ddiv
 .text          0x0000000008000974      0x110 g:/programy/stm32cubeide_1.5.0/stm32cubeide/plugins/com.st.stm32cube.ide.mcu.externaltools.gnu-tools-for-stm32.7-2018-q2-update.win32_1.5.0.202011040924/tools/bin/../lib/gcc/arm-none-eabi/7.3.1/thumb/v7e-m/fpv4-sp/hard\libgcc.a(_arm_cmpdf2.o)
                0x0000000008000974                __gtdf2
                0x0000000008000974                __gedf2
                0x000000000800097c                __ltdf2
                0x000000000800097c                __ledf2
                0x0000000008000984                __nedf2
                0x0000000008000984                __eqdf2
                0x0000000008000984                __cmpdf2
                0x0000000008000a00                __aeabi_cdrcmple
                0x0000000008000a10                __aeabi_cdcmpeq
                0x0000000008000a10                __aeabi_cdcmple
                0x0000000008000a20                __aeabi_dcmpeq
                0x0000000008000a34                __aeabi_dcmplt
                0x0000000008000a48                __aeabi_dcmple
                0x0000000008000a5c                __aeabi_dcmpge
                0x0000000008000a70                __aeabi_dcmpgt
 .text          0x0000000008000a84       0x40 g:/programy/stm32cubeide_1.5.0/stm32cubeide/plugins/com.st.stm32cube.ide.mcu.externaltools.gnu-tools-for-stm32.7-2018-q2-update.win32_1.5.0.202011040924/tools/bin/../lib/gcc/arm-none-eabi/7.3.1/thumb/v7e-m/fpv4-sp/hard\libgcc.a(_arm_fixunsdfsi.o)
                0x0000000008000a84                __aeabi_d2uiz
                0x0000000008000a84                __fixunsdfsi
 .text          0x0000000008000ac4       0xa0 g:/programy/stm32cubeide_1.5.0/stm32cubeide/plugins/com.st.stm32cube.ide.mcu.externaltools.gnu-tools-for-stm32.7-2018-q2-update.win32_1.5.0.202011040924/tools/bin/../lib/gcc/arm-none-eabi/7.3.1/thumb/v7e-m/fpv4-sp/hard\libgcc.a(_arm_truncdfsf2.o)
                0x0000000008000ac4                __truncdfsf2
                0x0000000008000ac4                __aeabi_d2f
 .text          0x0000000008000b64       0x30 g:/programy/stm32cubeide_1.5.0/stm32cubeide/plugins/com.st.stm32cube.ide.mcu.externaltools.gnu-tools-for-stm32.7-2018-q2-update.win32_1.5.0.202011040924/tools/bin/../lib/gcc/arm-none-eabi/7.3.1/thumb/v7e-m/fpv4-sp/hard\libgcc.a(_aeabi_uldivmod.o)
                0x0000000008000b64                __aeabi_uldivmod
 .text          0x0000000008000b94      0x2cc g:/programy/stm32cubeide_1.5.0/stm32cubeide/plugins/com.st.stm32cube.ide.mcu.externaltools.gnu-tools-for-stm32.7-2018-q2-update.win32_1.5.0.202011040924/tools/bin/../lib/gcc/arm-none-eabi/7.3.1/thumb/v7e-m/fpv4-sp/hard\libgcc.a(_udivmoddi4.o)
                0x0000000008000b94                __udivmoddi4
 .text          0x0000000008000e60        0x4 g:/programy/stm32cubeide_1.5.0/stm32cubeide/plugins/com.st.stm32cube.ide.mcu.externaltools.gnu-tools-for-stm32.7-2018-q2-update.win32_1.5.0.202011040924/tools/bin/../lib/gcc/arm-none-eabi/7.3.1/thumb/v7e-m/fpv4-sp/hard\libgcc.a(_dvmd_tls.o)
                0x0000000008000e60                __aeabi_idiv0
                0x0000000008000e60                __aeabi_ldiv0
 *(.text*)
 .text.SSD1322_API_command
                0x0000000008000e64       0x1a Core/Src/SSD1322_OLED_lib/SSD1322_API.o
                0x0000000008000e64                SSD1322_API_command
 .text.SSD1322_API_data
                0x0000000008000e7e       0x1a Core/Src/SSD1322_OLED_lib/SSD1322_API.o
                0x0000000008000e7e                SSD1322_API_data
 .text.SSD1322_API_init
                0x0000000008000e98      0x116 Core/Src/SSD1322_OLED_lib/SSD1322_API.o
                0x0000000008000e98                SSD1322_API_init
 .text.SSD1322_API_set_display_mode
                0x0000000008000fae       0x20 Core/Src/SSD1322_OLED_lib/SSD1322_API.o
                0x0000000008000fae                SSD1322_API_set_display_mode
 .text.SSD1322_API_sleep_on
                0x0000000008000fce        0x6 Core/Src/SSD1322_OLED_lib/SSD1322_API.o
                0x0000000008000fce                SSD1322_API_sleep_on
 .text.SSD1322_API_sleep_off
                0x0000000008000fd4        0x6 Core/Src/SSD1322_OLED_lib/SSD1322_API.o
                0x0000000008000fd4                SSD1322_API_sleep_off
 .text.SSD1322_API_custom_grayscale
                0x0000000008000fda       0x2c Core/Src/SSD1322_OLED_lib/SSD1322_API.o
                0x0000000008000fda                SSD1322_API_custom_grayscale
 .text.SSD1322_API_default_grayscale
                0x0000000008001006        0x6 Core/Src/SSD1322_OLED_lib/SSD1322_API.o
                0x0000000008001006                SSD1322_API_default_grayscale
 .text.SSD1322_API_set_window
                0x000000000800100c       0x3a Core/Src/SSD1322_OLED_lib/SSD1322_API.o
                0x000000000800100c                SSD1322_API_set_window
 .text.SSD1322_API_send_buffer
                0x0000000008001046       0x24 Core/Src/SSD1322_OLED_lib/SSD1322_API.o
                0x0000000008001046                SSD1322_API_send_buffer
 *fill*         0x000000000800106a        0x2 
 .text.set_buffer_size
                0x000000000800106c        0xc Core/Src/SSD1322_OLED_lib/SSD1322_GFX.o
                0x000000000800106c                set_buffer_size
 .text.fill_buffer
                0x0000000008001078       0x28 Core/Src/SSD1322_OLED_lib/SSD1322_GFX.o
                0x0000000008001078                fill_buffer
 .text.draw_pixel
                0x00000000080010a0       0x38 Core/Src/SSD1322_OLED_lib/SSD1322_GFX.o
                0x00000000080010a0                draw_pixel
 .text.draw_vline
                0x00000000080010d8       0x44 Core/Src/SSD1322_OLED_lib/SSD1322_GFX.o
                0x00000000080010d8                draw_vline
 .text.draw_hline
                0x000000000800111c       0x44 Core/Src/SSD1322_OLED_lib/SSD1322_GFX.o
                0x000000000800111c                draw_hline
 .text.draw_line
                0x0000000008001160       0xe2 Core/Src/SSD1322_OLED_lib/SSD1322_GFX.o
                0x0000000008001160                draw_line
 *fill*         0x0000000008001242        0x2 
 .text.draw_AA_line
                0x0000000008001244      0x4e4 Core/Src/SSD1322_OLED_lib/SSD1322_GFX.o
                0x0000000008001244                draw_AA_line
 .text.draw_rect
                0x0000000008001728       0x4c Core/Src/SSD1322_OLED_lib/SSD1322_GFX.o
                0x0000000008001728                draw_rect
 .text.draw_rect_filled
                0x0000000008001774       0x3e Core/Src/SSD1322_OLED_lib/SSD1322_GFX.o
                0x0000000008001774                draw_rect_filled
 .text.draw_circle
                0x00000000080017b2      0x144 Core/Src/SSD1322_OLED_lib/SSD1322_GFX.o
                0x00000000080017b2                draw_circle
 *fill*         0x00000000080018f6        0x2 
 .text.select_font
                0x00000000080018f8        0xc Core/Src/SSD1322_OLED_lib/SSD1322_GFX.o
                0x00000000080018f8                select_font
 .text.draw_char
                0x0000000008001904       0xa4 Core/Src/SSD1322_OLED_lib/SSD1322_GFX.o
                0x0000000008001904                draw_char
 .text.draw_text
                0x00000000080019a8       0x48 Core/Src/SSD1322_OLED_lib/SSD1322_GFX.o
                0x00000000080019a8                draw_text
 .text.send_buffer_to_OLED
                0x00000000080019f0       0x26 Core/Src/SSD1322_OLED_lib/SSD1322_GFX.o
                0x00000000080019f0                send_buffer_to_OLED
 *fill*         0x0000000008001a16        0x2 
 .text.SSD1322_HW_drive_CS_low
                0x0000000008001a18       0x10 Core/Src/SSD1322_OLED_lib/SSD1322_HW_Driver.o
                0x0000000008001a18                SSD1322_HW_drive_CS_low
 .text.SSD1322_HW_drive_CS_high
                0x0000000008001a28       0x10 Core/Src/SSD1322_OLED_lib/SSD1322_HW_Driver.o
                0x0000000008001a28                SSD1322_HW_drive_CS_high
 .text.SSD1322_HW_drive_DC_low
                0x0000000008001a38       0x10 Core/Src/SSD1322_OLED_lib/SSD1322_HW_Driver.o
                0x0000000008001a38                SSD1322_HW_drive_DC_low
 .text.SSD1322_HW_drive_DC_high
                0x0000000008001a48       0x10 Core/Src/SSD1322_OLED_lib/SSD1322_HW_Driver.o
                0x0000000008001a48                SSD1322_HW_drive_DC_high
 .text.SSD1322_HW_drive_RESET_low
                0x0000000008001a58       0x10 Core/Src/SSD1322_OLED_lib/SSD1322_HW_Driver.o
                0x0000000008001a58                SSD1322_HW_drive_RESET_low
 .text.SSD1322_HW_drive_RESET_high
                0x0000000008001a68       0x10 Core/Src/SSD1322_OLED_lib/SSD1322_HW_Driver.o
                0x0000000008001a68                SSD1322_HW_drive_RESET_high
 .text.SSD1322_HW_SPI_send_byte
                0x0000000008001a78       0x1c Core/Src/SSD1322_OLED_lib/SSD1322_HW_Driver.o
                0x0000000008001a78                SSD1322_HW_SPI_send_byte
 .text.SSD1322_HW_SPI_send_array
                0x0000000008001a94       0x10 Core/Src/SSD1322_OLED_lib/SSD1322_HW_Driver.o
                0x0000000008001a94                SSD1322_HW_SPI_send_array
 .text.SSD1322_HW_msDelay
                0x0000000008001aa4        0x6 Core/Src/SSD1322_OLED_lib/SSD1322_HW_Driver.o
                0x0000000008001aa4                SSD1322_HW_msDelay
 *fill*         0x0000000008001aaa        0x2 
 .text.SystemClock_Config
                0x0000000008001aac       0x9c Core/Src/main.o
                0x0000000008001aac                SystemClock_Config
 .text.startup.main
                0x0000000008001b48      0x378 Core/Src/main.o
                0x0000000008001b48                main
 .text.HAL_MspInit
                0x0000000008001ec0       0x38 Core/Src/stm32f4xx_hal_msp.o
                0x0000000008001ec0                HAL_MspInit
 .text.HAL_SPI_MspInit
                0x0000000008001ef8       0xec Core/Src/stm32f4xx_hal_msp.o
                0x0000000008001ef8                HAL_SPI_MspInit
 .text.NMI_Handler
                0x0000000008001fe4        0x2 Core/Src/stm32f4xx_it.o
                0x0000000008001fe4                NMI_Handler
 .text.HardFault_Handler
                0x0000000008001fe6        0x2 Core/Src/stm32f4xx_it.o
                0x0000000008001fe6                HardFault_Handler
 .text.MemManage_Handler
                0x0000000008001fe8        0x2 Core/Src/stm32f4xx_it.o
                0x0000000008001fe8                MemManage_Handler
 .text.BusFault_Handler
                0x0000000008001fea        0x2 Core/Src/stm32f4xx_it.o
                0x0000000008001fea                BusFault_Handler
 .text.UsageFault_Handler
                0x0000000008001fec        0x2 Core/Src/stm32f4xx_it.o
                0x0000000008001fec                UsageFault_Handler
 .text.SVC_Handler
                0x0000000008001fee        0x2 Core/Src/stm32f4xx_it.o
                0x0000000008001fee                SVC_Handler
 .text.DebugMon_Handler
                0x0000000008001ff0        0x2 Core/Src/stm32f4xx_it.o
                0x0000000008001ff0                DebugMon_Handler
 .text.PendSV_Handler
                0x0000000008001ff2        0x2 Core/Src/stm32f4xx_it.o
                0x0000000008001ff2                PendSV_Handler
 .text.SysTick_Handler
                0x0000000008001ff4        0x4 Core/Src/stm32f4xx_it.o
                0x0000000008001ff4                SysTick_Handler
 .text.SystemInit
                0x0000000008001ff8       0x1c Core/Src/system_stm32f4xx.o
                0x0000000008001ff8                SystemInit
 .text.Reset_Handler
                0x0000000008002014       0x50 Core/Startup/startup_stm32f411ceux.o
                0x0000000008002014                Reset_Handler
 .text.Default_Handler
                0x0000000008002064        0x2 Core/Startup/startup_stm32f411ceux.o
                0x0000000008002064                RTC_Alarm_IRQHandler
                0x0000000008002064                EXTI2_IRQHandler
                0x0000000008002064                SPI4_IRQHandler
                0x0000000008002064                TIM1_CC_IRQHandler
                0x0000000008002064                DMA2_Stream5_IRQHandler
                0x0000000008002064                DMA1_Stream5_IRQHandler
                0x0000000008002064                PVD_IRQHandler
                0x0000000008002064                SDIO_IRQHandler
                0x0000000008002064                TAMP_STAMP_IRQHandler
                0x0000000008002064                EXTI3_IRQHandler
                0x0000000008002064                TIM1_UP_TIM10_IRQHandler
                0x0000000008002064                I2C3_ER_IRQHandler
                0x0000000008002064                EXTI0_IRQHandler
                0x0000000008002064                I2C2_EV_IRQHandler
                0x0000000008002064                DMA1_Stream2_IRQHandler
                0x0000000008002064                FPU_IRQHandler
                0x0000000008002064                DMA2_Stream2_IRQHandler
                0x0000000008002064                SPI1_IRQHandler
                0x0000000008002064                TIM1_BRK_TIM9_IRQHandler
                0x0000000008002064                DMA2_Stream3_IRQHandler
                0x0000000008002064                USART6_IRQHandler
                0x0000000008002064                DMA2_Stream0_IRQHandler
                0x0000000008002064                TIM4_IRQHandler
                0x0000000008002064                I2C1_EV_IRQHandler
                0x0000000008002064                DMA1_Stream6_IRQHandler
                0x0000000008002064                DMA1_Stream1_IRQHandler
                0x0000000008002064                TIM3_IRQHandler
                0x0000000008002064                RCC_IRQHandler
                0x0000000008002064                Default_Handler
                0x0000000008002064                EXTI15_10_IRQHandler
                0x0000000008002064                ADC_IRQHandler
                0x0000000008002064                DMA1_Stream7_IRQHandler
                0x0000000008002064                SPI5_IRQHandler
                0x0000000008002064                TIM5_IRQHandler
                0x0000000008002064                DMA2_Stream7_IRQHandler
                0x0000000008002064                I2C3_EV_IRQHandler
                0x0000000008002064                EXTI9_5_IRQHandler
                0x0000000008002064                RTC_WKUP_IRQHandler
                0x0000000008002064                SPI2_IRQHandler
                0x0000000008002064                DMA1_Stream0_IRQHandler
                0x0000000008002064                EXTI4_IRQHandler
                0x0000000008002064                WWDG_IRQHandler
                0x0000000008002064                TIM2_IRQHandler
                0x0000000008002064                OTG_FS_WKUP_IRQHandler
                0x0000000008002064                TIM1_TRG_COM_TIM11_IRQHandler
                0x0000000008002064                EXTI1_IRQHandler
                0x0000000008002064                USART2_IRQHandler
                0x0000000008002064                I2C2_ER_IRQHandler
                0x0000000008002064                DMA2_Stream1_IRQHandler
                0x0000000008002064                FLASH_IRQHandler
                0x0000000008002064                DMA2_Stream4_IRQHandler
                0x0000000008002064                USART1_IRQHandler
                0x0000000008002064                OTG_FS_IRQHandler
                0x0000000008002064                SPI3_IRQHandler
                0x0000000008002064                DMA1_Stream4_IRQHandler
                0x0000000008002064                I2C1_ER_IRQHandler
                0x0000000008002064                DMA2_Stream6_IRQHandler
                0x0000000008002064                DMA1_Stream3_IRQHandler
 *fill*         0x0000000008002066        0x2 
 .text.HAL_InitTick
                0x0000000008002068       0x48 Drivers/STM32F4xx_HAL_Driver/Src/stm32f4xx_hal.o
                0x0000000008002068                HAL_InitTick
 .text.HAL_Init
                0x00000000080020b0       0x34 Drivers/STM32F4xx_HAL_Driver/Src/stm32f4xx_hal.o
                0x00000000080020b0                HAL_Init
 .text.HAL_IncTick
                0x00000000080020e4       0x18 Drivers/STM32F4xx_HAL_Driver/Src/stm32f4xx_hal.o
                0x00000000080020e4                HAL_IncTick
 .text.HAL_GetTick
                0x00000000080020fc        0xc Drivers/STM32F4xx_HAL_Driver/Src/stm32f4xx_hal.o
                0x00000000080020fc                HAL_GetTick
 .text.HAL_Delay
                0x0000000008002108       0x28 Drivers/STM32F4xx_HAL_Driver/Src/stm32f4xx_hal.o
                0x0000000008002108                HAL_Delay
 .text.HAL_NVIC_SetPriorityGrouping
                0x0000000008002130       0x24 Drivers/STM32F4xx_HAL_Driver/Src/stm32f4xx_hal_cortex.o
                0x0000000008002130                HAL_NVIC_SetPriorityGrouping
 .text.HAL_NVIC_SetPriority
                0x0000000008002154       0x68 Drivers/STM32F4xx_HAL_Driver/Src/stm32f4xx_hal_cortex.o
                0x0000000008002154                HAL_NVIC_SetPriority
 .text.HAL_SYSTICK_Config
                0x00000000080021bc       0x2c Drivers/STM32F4xx_HAL_Driver/Src/stm32f4xx_hal_cortex.o
                0x00000000080021bc                HAL_SYSTICK_Config
 .text.HAL_GPIO_Init
                0x00000000080021e8      0x19c Drivers/STM32F4xx_HAL_Driver/Src/stm32f4xx_hal_gpio.o
                0x00000000080021e8                HAL_GPIO_Init
 .text.HAL_GPIO_WritePin
                0x0000000008002384        0xa Drivers/STM32F4xx_HAL_Driver/Src/stm32f4xx_hal_gpio.o
                0x0000000008002384                HAL_GPIO_WritePin
 *fill*         0x000000000800238e        0x2 
 .text.HAL_RCC_OscConfig
                0x0000000008002390      0x34c Drivers/STM32F4xx_HAL_Driver/Src/stm32f4xx_hal_rcc.o
                0x0000000008002390                HAL_RCC_OscConfig
 .text.HAL_RCC_GetSysClockFreq
                0x00000000080026dc       0x5c Drivers/STM32F4xx_HAL_Driver/Src/stm32f4xx_hal_rcc.o
                0x00000000080026dc                HAL_RCC_GetSysClockFreq
 .text.HAL_RCC_ClockConfig
                0x0000000008002738      0x134 Drivers/STM32F4xx_HAL_Driver/Src/stm32f4xx_hal_rcc.o
                0x0000000008002738                HAL_RCC_ClockConfig
 .text.SPI_WaitFlagStateUntilTimeout.constprop.7
                0x000000000800286c       0x76 Drivers/STM32F4xx_HAL_Driver/Src/stm32f4xx_hal_spi.o
 *fill*         0x00000000080028e2        0x2 
 .text.SPI_EndRxTxTransaction
                0x00000000080028e4       0x58 Drivers/STM32F4xx_HAL_Driver/Src/stm32f4xx_hal_spi.o
 .text.HAL_SPI_Init
                0x000000000800293c       0x7a Drivers/STM32F4xx_HAL_Driver/Src/stm32f4xx_hal_spi.o
                0x000000000800293c                HAL_SPI_Init
 .text.HAL_SPI_Transmit
                0x00000000080029b6      0x150 Drivers/STM32F4xx_HAL_Driver/Src/stm32f4xx_hal_spi.o
                0x00000000080029b6                HAL_SPI_Transmit
 *fill*         0x0000000008002b06        0x2 
 .text.__libc_init_array
                0x0000000008002b08       0x48 g:/programy/stm32cubeide_1.5.0/stm32cubeide/plugins/com.st.stm32cube.ide.mcu.externaltools.gnu-tools-for-stm32.7-2018-q2-update.win32_1.5.0.202011040924/tools/bin/../lib/gcc/arm-none-eabi/7.3.1/../../../../arm-none-eabi/lib/thumb/v7e-m/fpv4-sp/hard\libc_nano.a(lib_a-init.o)
                0x0000000008002b08                __libc_init_array
 .text.memset   0x0000000008002b50       0x10 g:/programy/stm32cubeide_1.5.0/stm32cubeide/plugins/com.st.stm32cube.ide.mcu.externaltools.gnu-tools-for-stm32.7-2018-q2-update.win32_1.5.0.202011040924/tools/bin/../lib/gcc/arm-none-eabi/7.3.1/../../../../arm-none-eabi/lib/thumb/v7e-m/fpv4-sp/hard\libc_nano.a(lib_a-memset.o)
                0x0000000008002b50                memset
 .text.floor    0x0000000008002b60      0x108 g:/programy/stm32cubeide_1.5.0/stm32cubeide/plugins/com.st.stm32cube.ide.mcu.externaltools.gnu-tools-for-stm32.7-2018-q2-update.win32_1.5.0.202011040924/tools/bin/../lib/gcc/arm-none-eabi/7.3.1/../../../../arm-none-eabi/lib/thumb/v7e-m/fpv4-sp/hard\libm.a(lib_a-s_floor.o)
                0x0000000008002b60                floor
 *(.glue_7)
 .glue_7        0x0000000008002c68        0x0 linker stubs
 *(.glue_7t)
 .glue_7t       0x0000000008002c68        0x0 linker stubs
 *(.eh_frame)
 .eh_frame      0x0000000008002c68        0x0 g:/programy/stm32cubeide_1.5.0/stm32cubeide/plugins/com.st.stm32cube.ide.mcu.externaltools.gnu-tools-for-stm32.7-2018-q2-update.win32_1.5.0.202011040924/tools/bin/../lib/gcc/arm-none-eabi/7.3.1/thumb/v7e-m/fpv4-sp/hard/crtbegin.o
 *(.init)
 .init          0x0000000008002c68        0x4 g:/programy/stm32cubeide_1.5.0/stm32cubeide/plugins/com.st.stm32cube.ide.mcu.externaltools.gnu-tools-for-stm32.7-2018-q2-update.win32_1.5.0.202011040924/tools/bin/../lib/gcc/arm-none-eabi/7.3.1/thumb/v7e-m/fpv4-sp/hard/crti.o
                0x0000000008002c68                _init
 .init          0x0000000008002c6c        0x8 g:/programy/stm32cubeide_1.5.0/stm32cubeide/plugins/com.st.stm32cube.ide.mcu.externaltools.gnu-tools-for-stm32.7-2018-q2-update.win32_1.5.0.202011040924/tools/bin/../lib/gcc/arm-none-eabi/7.3.1/thumb/v7e-m/fpv4-sp/hard/crtn.o
 *(.fini)
 .fini          0x0000000008002c74        0x4 g:/programy/stm32cubeide_1.5.0/stm32cubeide/plugins/com.st.stm32cube.ide.mcu.externaltools.gnu-tools-for-stm32.7-2018-q2-update.win32_1.5.0.202011040924/tools/bin/../lib/gcc/arm-none-eabi/7.3.1/thumb/v7e-m/fpv4-sp/hard/crti.o
                0x0000000008002c74                _fini
 .fini          0x0000000008002c78        0x8 g:/programy/stm32cubeide_1.5.0/stm32cubeide/plugins/com.st.stm32cube.ide.mcu.externaltools.gnu-tools-for-stm32.7-2018-q2-update.win32_1.5.0.202011040924/tools/bin/../lib/gcc/arm-none-eabi/7.3.1/thumb/v7e-m/fpv4-sp/hard/crtn.o
                0x0000000008002c80                . = ALIGN (0x4)
                0x0000000008002c80                _etext = .

.vfp11_veneer   0x0000000008002c80        0x0
 .vfp11_veneer  0x0000000008002c80        0x0 linker stubs

.v4_bx          0x0000000008002c80        0x0
 .v4_bx         0x0000000008002c80        0x0 linker stubs

.iplt           0x0000000008002c80        0x0
 .iplt          0x0000000008002c80        0x0 g:/programy/stm32cubeide_1.5.0/stm32cubeide/plugins/com.st.stm32cube.ide.mcu.externaltools.gnu-tools-for-stm32.7-2018-q2-update.win32_1.5.0.202011040924/tools/bin/../lib/gcc/arm-none-eabi/7.3.1/thumb/v7e-m/fpv4-sp/hard/crtbegin.o

.rodata         0x0000000008002c80     0x115c
                0x0000000008002c80                . = ALIGN (0x4)
 *(.rodata)
 .rodata        0x0000000008002c80       0x10 Core/Src/main.o
 *(.rodata*)
 .rodata.FreeMono12pt7b
                0x0000000008002c90       0x10 Core/Src/main.o
                0x0000000008002c90                FreeMono12pt7b
 .rodata.FreeMono12pt7bBitmaps
                0x0000000008002ca0      0x5b4 Core/Src/main.o
                0x0000000008002ca0                FreeMono12pt7bBitmaps
 .rodata.FreeMono12pt7bGlyphs
                0x0000000008003254      0x2f8 Core/Src/main.o
                0x0000000008003254                FreeMono12pt7bGlyphs
 .rodata.FreeSansOblique9pt7b
                0x000000000800354c       0x10 Core/Src/main.o
                0x000000000800354c                FreeSansOblique9pt7b
 .rodata.FreeSansOblique9pt7bBitmaps
                0x000000000800355c      0x559 Core/Src/main.o
                0x000000000800355c                FreeSansOblique9pt7bBitmaps
 *fill*         0x0000000008003ab5        0x1 
 .rodata.FreeSansOblique9pt7bGlyphs
                0x0000000008003ab6      0x2f8 Core/Src/main.o
                0x0000000008003ab6                FreeSansOblique9pt7bGlyphs
 .rodata.main.str1.1
                0x0000000008003dae       0x1b Core/Src/main.o
 .rodata.AHBPrescTable
                0x0000000008003dc9       0x10 Core/Src/system_stm32f4xx.o
                0x0000000008003dc9                AHBPrescTable
                0x0000000008003ddc                . = ALIGN (0x4)
 *fill*         0x0000000008003dd9        0x3 

.ARM.extab      0x0000000008003ddc        0x0
                0x0000000008003ddc                . = ALIGN (0x4)
 *(.ARM.extab* .gnu.linkonce.armextab.*)
                0x0000000008003ddc                . = ALIGN (0x4)

.ARM            0x0000000008003ddc        0x8
                0x0000000008003ddc                . = ALIGN (0x4)
                0x0000000008003ddc                __exidx_start = .
 *(.ARM.exidx*)
 .ARM.exidx     0x0000000008003ddc        0x8 g:/programy/stm32cubeide_1.5.0/stm32cubeide/plugins/com.st.stm32cube.ide.mcu.externaltools.gnu-tools-for-stm32.7-2018-q2-update.win32_1.5.0.202011040924/tools/bin/../lib/gcc/arm-none-eabi/7.3.1/thumb/v7e-m/fpv4-sp/hard\libgcc.a(_udivmoddi4.o)
                0x0000000008003de4                __exidx_end = .
                0x0000000008003de4                . = ALIGN (0x4)

.rel.dyn        0x0000000008003de4        0x0
 .rel.iplt      0x0000000008003de4        0x0 g:/programy/stm32cubeide_1.5.0/stm32cubeide/plugins/com.st.stm32cube.ide.mcu.externaltools.gnu-tools-for-stm32.7-2018-q2-update.win32_1.5.0.202011040924/tools/bin/../lib/gcc/arm-none-eabi/7.3.1/thumb/v7e-m/fpv4-sp/hard/crtbegin.o

.preinit_array  0x0000000008003de4        0x0
                0x0000000008003de4                . = ALIGN (0x4)
                0x0000000008003de4                PROVIDE (__preinit_array_start = .)
 *(.preinit_array*)
                0x0000000008003de4                PROVIDE (__preinit_array_end = .)
                0x0000000008003de4                . = ALIGN (0x4)

.init_array     0x0000000008003de4        0x4
                0x0000000008003de4                . = ALIGN (0x4)
                0x0000000008003de4                PROVIDE (__init_array_start = .)
 *(SORT_BY_NAME(.init_array.*))
 *(.init_array*)
 .init_array    0x0000000008003de4        0x4 g:/programy/stm32cubeide_1.5.0/stm32cubeide/plugins/com.st.stm32cube.ide.mcu.externaltools.gnu-tools-for-stm32.7-2018-q2-update.win32_1.5.0.202011040924/tools/bin/../lib/gcc/arm-none-eabi/7.3.1/thumb/v7e-m/fpv4-sp/hard/crtbegin.o
                0x0000000008003de8                PROVIDE (__init_array_end = .)
                0x0000000008003de8                . = ALIGN (0x4)

.fini_array     0x0000000008003de8        0x4
                0x0000000008003de8                . = ALIGN (0x4)
                [!provide]                        PROVIDE (__fini_array_start = .)
 *(SORT_BY_NAME(.fini_array.*))
 *(.fini_array*)
 .fini_array    0x0000000008003de8        0x4 g:/programy/stm32cubeide_1.5.0/stm32cubeide/plugins/com.st.stm32cube.ide.mcu.externaltools.gnu-tools-for-stm32.7-2018-q2-update.win32_1.5.0.202011040924/tools/bin/../lib/gcc/arm-none-eabi/7.3.1/thumb/v7e-m/fpv4-sp/hard/crtbegin.o
                [!provide]                        PROVIDE (__fini_array_end = .)
                0x0000000008003dec                . = ALIGN (0x4)
                0x0000000008003dec                _sidata = LOADADDR (.data)

.data           0x0000000020000000       0x10 load address 0x0000000008003dec
                0x0000000020000000                . = ALIGN (0x4)
                0x0000000020000000                _sdata = .
 *(.data)
 *(.data*)
 .data._buffer_height
                0x0000000020000000        0x2 Core/Src/SSD1322_OLED_lib/SSD1322_GFX.o
                0x0000000020000000                _buffer_height
 .data._buffer_width
                0x0000000020000002        0x2 Core/Src/SSD1322_OLED_lib/SSD1322_GFX.o
                0x0000000020000002                _buffer_width
 .data.SystemCoreClock
                0x0000000020000004        0x4 Core/Src/system_stm32f4xx.o
                0x0000000020000004                SystemCoreClock
 .data.uwTickFreq
                0x0000000020000008        0x1 Drivers/STM32F4xx_HAL_Driver/Src/stm32f4xx_hal.o
                0x0000000020000008                uwTickFreq
 *fill*         0x0000000020000009        0x3 
 .data.uwTickPrio
                0x000000002000000c        0x4 Drivers/STM32F4xx_HAL_Driver/Src/stm32f4xx_hal.o
                0x000000002000000c                uwTickPrio
 *(.RamFunc)
 *(.RamFunc*)
                0x0000000020000010                . = ALIGN (0x4)
                0x0000000020000010                _edata = .

.igot.plt       0x0000000020000010        0x0 load address 0x0000000008003dfc
 .igot.plt      0x0000000020000010        0x0 g:/programy/stm32cubeide_1.5.0/stm32cubeide/plugins/com.st.stm32cube.ide.mcu.externaltools.gnu-tools-for-stm32.7-2018-q2-update.win32_1.5.0.202011040924/tools/bin/../lib/gcc/arm-none-eabi/7.3.1/thumb/v7e-m/fpv4-sp/hard/crtbegin.o
                0x0000000020000010                . = ALIGN (0x4)

.bss            0x0000000020000010       0xd4 load address 0x0000000008003dfc
                0x0000000020000010                _sbss = .
                0x0000000020000010                __bss_start__ = _sbss
 *(.bss)
 .bss           0x0000000020000010       0x1c g:/programy/stm32cubeide_1.5.0/stm32cubeide/plugins/com.st.stm32cube.ide.mcu.externaltools.gnu-tools-for-stm32.7-2018-q2-update.win32_1.5.0.202011040924/tools/bin/../lib/gcc/arm-none-eabi/7.3.1/thumb/v7e-m/fpv4-sp/hard/crtbegin.o
 *(.bss*)
 .bss.gfx_font  0x000000002000002c        0x4 Core/Src/SSD1322_OLED_lib/SSD1322_GFX.o
                0x000000002000002c                gfx_font
 *(COMMON)
 COMMON         0x0000000020000030       0xb0 Core/Src/main.o
                0x0000000020000030                hspi2
                0x0000000020000088                hspi5
 COMMON         0x00000000200000e0        0x4 Drivers/STM32F4xx_HAL_Driver/Src/stm32f4xx_hal.o
                0x00000000200000e0                uwTick
                0x00000000200000e4                . = ALIGN (0x4)
                0x00000000200000e4                _ebss = .
                0x00000000200000e4                __bss_end__ = _ebss

._user_heap_stack
                0x00000000200000e4      0x604 load address 0x0000000008003dfc
                0x00000000200000e8                . = ALIGN (0x8)
 *fill*         0x00000000200000e4        0x4 
                [!provide]                        PROVIDE (end = .)
                0x00000000200000e8                PROVIDE (_end = .)
                0x00000000200002e8                . = (. + _Min_Heap_Size)
 *fill*         0x00000000200000e8      0x200 
                0x00000000200006e8                . = (. + _Min_Stack_Size)
 *fill*         0x00000000200002e8      0x400 
                0x00000000200006e8                . = ALIGN (0x8)

/DISCARD/
 libc.a(*)
 libm.a(*)
 libgcc.a(*)

.ARM.attributes
                0x0000000000000000       0x30
 *(.ARM.attributes)
 .ARM.attributes
                0x0000000000000000       0x22 g:/programy/stm32cubeide_1.5.0/stm32cubeide/plugins/com.st.stm32cube.ide.mcu.externaltools.gnu-tools-for-stm32.7-2018-q2-update.win32_1.5.0.202011040924/tools/bin/../lib/gcc/arm-none-eabi/7.3.1/thumb/v7e-m/fpv4-sp/hard/crti.o
 .ARM.attributes
                0x0000000000000022       0x34 g:/programy/stm32cubeide_1.5.0/stm32cubeide/plugins/com.st.stm32cube.ide.mcu.externaltools.gnu-tools-for-stm32.7-2018-q2-update.win32_1.5.0.202011040924/tools/bin/../lib/gcc/arm-none-eabi/7.3.1/thumb/v7e-m/fpv4-sp/hard/crtbegin.o
 .ARM.attributes
                0x0000000000000056       0x39 Core/Src/SSD1322_OLED_lib/SSD1322_API.o
 .ARM.attributes
                0x000000000000008f       0x39 Core/Src/SSD1322_OLED_lib/SSD1322_GFX.o
 .ARM.attributes
                0x00000000000000c8       0x39 Core/Src/SSD1322_OLED_lib/SSD1322_HW_Driver.o
 .ARM.attributes
                0x0000000000000101       0x39 Core/Src/main.o
 .ARM.attributes
                0x000000000000013a       0x39 Core/Src/stm32f4xx_hal_msp.o
 .ARM.attributes
                0x0000000000000173       0x39 Core/Src/stm32f4xx_it.o
 .ARM.attributes
                0x00000000000001ac       0x39 Core/Src/system_stm32f4xx.o
 .ARM.attributes
                0x00000000000001e5       0x21 Core/Startup/startup_stm32f411ceux.o
 .ARM.attributes
                0x0000000000000206       0x39 Drivers/STM32F4xx_HAL_Driver/Src/stm32f4xx_hal.o
 .ARM.attributes
                0x000000000000023f       0x39 Drivers/STM32F4xx_HAL_Driver/Src/stm32f4xx_hal_cortex.o
 .ARM.attributes
                0x0000000000000278       0x39 Drivers/STM32F4xx_HAL_Driver/Src/stm32f4xx_hal_gpio.o
 .ARM.attributes
                0x00000000000002b1       0x39 Drivers/STM32F4xx_HAL_Driver/Src/stm32f4xx_hal_rcc.o
 .ARM.attributes
                0x00000000000002ea       0x39 Drivers/STM32F4xx_HAL_Driver/Src/stm32f4xx_hal_spi.o
 .ARM.attributes
                0x0000000000000323       0x34 g:/programy/stm32cubeide_1.5.0/stm32cubeide/plugins/com.st.stm32cube.ide.mcu.externaltools.gnu-tools-for-stm32.7-2018-q2-update.win32_1.5.0.202011040924/tools/bin/../lib/gcc/arm-none-eabi/7.3.1/../../../../arm-none-eabi/lib/thumb/v7e-m/fpv4-sp/hard\libc_nano.a(lib_a-init.o)
 .ARM.attributes
                0x0000000000000357       0x34 g:/programy/stm32cubeide_1.5.0/stm32cubeide/plugins/com.st.stm32cube.ide.mcu.externaltools.gnu-tools-for-stm32.7-2018-q2-update.win32_1.5.0.202011040924/tools/bin/../lib/gcc/arm-none-eabi/7.3.1/../../../../arm-none-eabi/lib/thumb/v7e-m/fpv4-sp/hard\libc_nano.a(lib_a-memset.o)
 .ARM.attributes
                0x000000000000038b       0x34 g:/programy/stm32cubeide_1.5.0/stm32cubeide/plugins/com.st.stm32cube.ide.mcu.externaltools.gnu-tools-for-stm32.7-2018-q2-update.win32_1.5.0.202011040924/tools/bin/../lib/gcc/arm-none-eabi/7.3.1/../../../../arm-none-eabi/lib/thumb/v7e-m/fpv4-sp/hard\libm.a(lib_a-s_floor.o)
 .ARM.attributes
                0x00000000000003bf       0x22 g:/programy/stm32cubeide_1.5.0/stm32cubeide/plugins/com.st.stm32cube.ide.mcu.externaltools.gnu-tools-for-stm32.7-2018-q2-update.win32_1.5.0.202011040924/tools/bin/../lib/gcc/arm-none-eabi/7.3.1/thumb/v7e-m/fpv4-sp/hard\libgcc.a(_arm_addsubdf3.o)
 .ARM.attributes
                0x00000000000003e1       0x22 g:/programy/stm32cubeide_1.5.0/stm32cubeide/plugins/com.st.stm32cube.ide.mcu.externaltools.gnu-tools-for-stm32.7-2018-q2-update.win32_1.5.0.202011040924/tools/bin/../lib/gcc/arm-none-eabi/7.3.1/thumb/v7e-m/fpv4-sp/hard\libgcc.a(_arm_muldivdf3.o)
 .ARM.attributes
                0x0000000000000403       0x22 g:/programy/stm32cubeide_1.5.0/stm32cubeide/plugins/com.st.stm32cube.ide.mcu.externaltools.gnu-tools-for-stm32.7-2018-q2-update.win32_1.5.0.202011040924/tools/bin/../lib/gcc/arm-none-eabi/7.3.1/thumb/v7e-m/fpv4-sp/hard\libgcc.a(_arm_cmpdf2.o)
 .ARM.attributes
                0x0000000000000425       0x22 g:/programy/stm32cubeide_1.5.0/stm32cubeide/plugins/com.st.stm32cube.ide.mcu.externaltools.gnu-tools-for-stm32.7-2018-q2-update.win32_1.5.0.202011040924/tools/bin/../lib/gcc/arm-none-eabi/7.3.1/thumb/v7e-m/fpv4-sp/hard\libgcc.a(_arm_fixunsdfsi.o)
 .ARM.attributes
                0x0000000000000447       0x22 g:/programy/stm32cubeide_1.5.0/stm32cubeide/plugins/com.st.stm32cube.ide.mcu.externaltools.gnu-tools-for-stm32.7-2018-q2-update.win32_1.5.0.202011040924/tools/bin/../lib/gcc/arm-none-eabi/7.3.1/thumb/v7e-m/fpv4-sp/hard\libgcc.a(_arm_truncdfsf2.o)
 .ARM.attributes
                0x0000000000000469       0x22 g:/programy/stm32cubeide_1.5.0/stm32cubeide/plugins/com.st.stm32cube.ide.mcu.externaltools.gnu-tools-for-stm32.7-2018-q2-update.win32_1.5.0.202011040924/tools/bin/../lib/gcc/arm-none-eabi/7.3.1/thumb/v7e-m/fpv4-sp/hard\libgcc.a(_aeabi_uldivmod.o)
 .ARM.attributes
                0x000000000000048b       0x34 g:/programy/stm32cubeide_1.5.0/stm32cubeide/plugins/com.st.stm32cube.ide.mcu.externaltools.gnu-tools-for-stm32.7-2018-q2-update.win32_1.5.0.202011040924/tools/bin/../lib/gcc/arm-none-eabi/7.3.1/thumb/v7e-m/fpv4-sp/hard\libgcc.a(_udivmoddi4.o)
 .ARM.attributes
                0x00000000000004bf       0x22 g:/programy/stm32cubeide_1.5.0/stm32cubeide/plugins/com.st.stm32cube.ide.mcu.externaltools.gnu-tools-for-stm32.7-2018-q2-update.win32_1.5.0.202011040924/tools/bin/../lib/gcc/arm-none-eabi/7.3.1/thumb/v7e-m/fpv4-sp/hard\libgcc.a(_dvmd_tls.o)
 .ARM.attributes
                0x00000000000004e1       0x22 g:/programy/stm32cubeide_1.5.0/stm32cubeide/plugins/com.st.stm32cube.ide.mcu.externaltools.gnu-tools-for-stm32.7-2018-q2-update.win32_1.5.0.202011040924/tools/bin/../lib/gcc/arm-none-eabi/7.3.1/thumb/v7e-m/fpv4-sp/hard/crtn.o
OUTPUT(Oled.elf elf32-littlearm)

.comment        0x0000000000000000       0x7b
 .comment       0x0000000000000000       0x7b Core/Src/SSD1322_OLED_lib/SSD1322_API.o
                                         0x7c (size before relaxing)
 .comment       0x000000000000007b       0x7c Core/Src/SSD1322_OLED_lib/SSD1322_GFX.o
 .comment       0x000000000000007b       0x7c Core/Src/SSD1322_OLED_lib/SSD1322_HW_Driver.o
 .comment       0x000000000000007b       0x7c Core/Src/main.o
 .comment       0x000000000000007b       0x7c Core/Src/stm32f4xx_hal_msp.o
 .comment       0x000000000000007b       0x7c Core/Src/stm32f4xx_it.o
 .comment       0x000000000000007b       0x7c Core/Src/system_stm32f4xx.o
 .comment       0x000000000000007b       0x7c Drivers/STM32F4xx_HAL_Driver/Src/stm32f4xx_hal.o
 .comment       0x000000000000007b       0x7c Drivers/STM32F4xx_HAL_Driver/Src/stm32f4xx_hal_cortex.o
 .comment       0x000000000000007b       0x7c Drivers/STM32F4xx_HAL_Driver/Src/stm32f4xx_hal_gpio.o
 .comment       0x000000000000007b       0x7c Drivers/STM32F4xx_HAL_Driver/Src/stm32f4xx_hal_rcc.o
 .comment       0x000000000000007b       0x7c Drivers/STM32F4xx_HAL_Driver/Src/stm32f4xx_hal_spi.o

.debug_frame    0x0000000000000000      0x2e4
 .debug_frame   0x0000000000000000       0x2c g:/programy/stm32cubeide_1.5.0/stm32cubeide/plugins/com.st.stm32cube.ide.mcu.externaltools.gnu-tools-for-stm32.7-2018-q2-update.win32_1.5.0.202011040924/tools/bin/../lib/gcc/arm-none-eabi/7.3.1/../../../../arm-none-eabi/lib/thumb/v7e-m/fpv4-sp/hard\libc_nano.a(lib_a-init.o)
 .debug_frame   0x000000000000002c       0x20 g:/programy/stm32cubeide_1.5.0/stm32cubeide/plugins/com.st.stm32cube.ide.mcu.externaltools.gnu-tools-for-stm32.7-2018-q2-update.win32_1.5.0.202011040924/tools/bin/../lib/gcc/arm-none-eabi/7.3.1/../../../../arm-none-eabi/lib/thumb/v7e-m/fpv4-sp/hard\libc_nano.a(lib_a-memset.o)
 .debug_frame   0x000000000000004c       0x30 g:/programy/stm32cubeide_1.5.0/stm32cubeide/plugins/com.st.stm32cube.ide.mcu.externaltools.gnu-tools-for-stm32.7-2018-q2-update.win32_1.5.0.202011040924/tools/bin/../lib/gcc/arm-none-eabi/7.3.1/../../../../arm-none-eabi/lib/thumb/v7e-m/fpv4-sp/hard\libm.a(lib_a-s_floor.o)
 .debug_frame   0x000000000000007c       0xac g:/programy/stm32cubeide_1.5.0/stm32cubeide/plugins/com.st.stm32cube.ide.mcu.externaltools.gnu-tools-for-stm32.7-2018-q2-update.win32_1.5.0.202011040924/tools/bin/../lib/gcc/arm-none-eabi/7.3.1/thumb/v7e-m/fpv4-sp/hard\libgcc.a(_arm_addsubdf3.o)
 .debug_frame   0x0000000000000128       0x50 g:/programy/stm32cubeide_1.5.0/stm32cubeide/plugins/com.st.stm32cube.ide.mcu.externaltools.gnu-tools-for-stm32.7-2018-q2-update.win32_1.5.0.202011040924/tools/bin/../lib/gcc/arm-none-eabi/7.3.1/thumb/v7e-m/fpv4-sp/hard\libgcc.a(_arm_muldivdf3.o)
 .debug_frame   0x0000000000000178       0xc4 g:/programy/stm32cubeide_1.5.0/stm32cubeide/plugins/com.st.stm32cube.ide.mcu.externaltools.gnu-tools-for-stm32.7-2018-q2-update.win32_1.5.0.202011040924/tools/bin/../lib/gcc/arm-none-eabi/7.3.1/thumb/v7e-m/fpv4-sp/hard\libgcc.a(_arm_cmpdf2.o)
 .debug_frame   0x000000000000023c       0x24 g:/programy/stm32cubeide_1.5.0/stm32cubeide/plugins/com.st.stm32cube.ide.mcu.externaltools.gnu-tools-for-stm32.7-2018-q2-update.win32_1.5.0.202011040924/tools/bin/../lib/gcc/arm-none-eabi/7.3.1/thumb/v7e-m/fpv4-sp/hard\libgcc.a(_arm_fixunsdfsi.o)
 .debug_frame   0x0000000000000260       0x24 g:/programy/stm32cubeide_1.5.0/stm32cubeide/plugins/com.st.stm32cube.ide.mcu.externaltools.gnu-tools-for-stm32.7-2018-q2-update.win32_1.5.0.202011040924/tools/bin/../lib/gcc/arm-none-eabi/7.3.1/thumb/v7e-m/fpv4-sp/hard\libgcc.a(_arm_truncdfsf2.o)
 .debug_frame   0x0000000000000284       0x2c g:/programy/stm32cubeide_1.5.0/stm32cubeide/plugins/com.st.stm32cube.ide.mcu.externaltools.gnu-tools-for-stm32.7-2018-q2-update.win32_1.5.0.202011040924/tools/bin/../lib/gcc/arm-none-eabi/7.3.1/thumb/v7e-m/fpv4-sp/hard\libgcc.a(_aeabi_uldivmod.o)
 .debug_frame   0x00000000000002b0       0x34 g:/programy/stm32cubeide_1.5.0/stm32cubeide/plugins/com.st.stm32cube.ide.mcu.externaltools.gnu-tools-for-stm32.7-2018-q2-update.win32_1.5.0.202011040924/tools/bin/../lib/gcc/arm-none-eabi/7.3.1/thumb/v7e-m/fpv4-sp/hard\libgcc.a(_udivmoddi4.o)
